// Jest Snapshot v1, https://goo.gl/fbAQLP

exports[`Registeration should render the Registeration Component correctly 1`] = `
<styled.div>
  <div
    data-test="registeration"
    style={
      Object {
        "backgroundColor": "green",
      }
    }
  >
    <div
      className="loginBox"
      style={
        Object {
          "backgroundColor": "blue",
          "border": "10px solid blue",
        }
      }
    >
      <h2
        className="pageHeader"
      >
        Register
      </h2>
      <form
        id="regForm"
        style={
          Object {
            "marginTop": "10%",
          }
        }
      >
        <div>
          <styled.input
            name="userName"
            onChange={[Function]}
            placeholder="Enter User Name"
            type="text"
          />
          <styled.input
            name="password"
            onChange={[Function]}
            placeholder="Enter Password"
            type="password"
          />
          <styled.input
            name="confirmPwd"
            onChange={[Function]}
            placeholder="Enter Confirm Password"
            type="password"
          />
          <styled.input
            name="carName"
            onChange={[Function]}
            placeholder="Enter Carname"
            type="text"
          />
          <styled.input
            name="carNumber"
            onChange={[Function]}
            placeholder="Enter CarNumber"
            type="text"
          />
        </div>
        <styled.input
          className="submitButton"
          onClick={[Function]}
          style={
            Object {
              "marginTop": "20%",
            }
          }
          type="button"
          value="Register"
        />
      </form>
    </div>
  </div>
</styled.div>
`;
